// Jest Snapshot v1, https://goo.gl/fbAQLP

exports[`matches snapshot 1`] = `
<DocumentFragment>
  <h1
    class="sc-bdvvtL eCmgPR"
    data-testid=""
  />
</DocumentFragment>
`;
