// Jest Snapshot v1, https://goo.gl/fbAQLP

exports[`Matches Snapshot 1`] = `
<DocumentFragment>
  <div
    class="sc-bdvvtL fmtvOV"
  >
    <div
      class="sc-gsDKAQ jogOtt"
    />
  </div>
</DocumentFragment>
`;
