// Jest Snapshot v1, https://goo.gl/fbAQLP

exports[`Hero component matches snapshot 1`] = `
<DocumentFragment>
  <div
    class="sc-gsDKAQ euceyN"
  >
    <div
      class="sc-bdvvtL fmtvOV"
    >
      <div
        class="sc-dkPtRN GvWfk"
      />
    </div>
  </div>
</DocumentFragment>
`;
